###############################################################################
#
# IAR ELF Linker V7.20.2.7424/W32 for ARM                 08/Aug/2016  06:25:23
# Copyright 2007-2014 IAR Systems AB.
#
#    Output file  =  
#        C:\Users\cb\Desktop\driver_firmware_st\Projects\STM32F0xx_StdPeriph_Templates\EWARM\STM32F030\Exe\Project.out
#    Map file     =  
#        C:\Users\cb\Desktop\driver_firmware_st\Projects\STM32F0xx_StdPeriph_Templates\EWARM\STM32F030\List\Project.map
#    Command line =  
#        C:\Users\cb\Desktop\driver_firmware_st\Projects\STM32F0xx_StdPeriph_Templates\EWARM\STM32F030\Obj\ADC1.o
#        C:\Users\cb\Desktop\driver_firmware_st\Projects\STM32F0xx_StdPeriph_Templates\EWARM\STM32F030\Obj\LED.o
#        C:\Users\cb\Desktop\driver_firmware_st\Projects\STM32F0xx_StdPeriph_Templates\EWARM\STM32F030\Obj\main.o
#        C:\Users\cb\Desktop\driver_firmware_st\Projects\STM32F0xx_StdPeriph_Templates\EWARM\STM32F030\Obj\startup_stm32f030.o
#        C:\Users\cb\Desktop\driver_firmware_st\Projects\STM32F0xx_StdPeriph_Templates\EWARM\STM32F030\Obj\stm32f0xx_adc.o
#        C:\Users\cb\Desktop\driver_firmware_st\Projects\STM32F0xx_StdPeriph_Templates\EWARM\STM32F030\Obj\stm32f0xx_crc.o
#        C:\Users\cb\Desktop\driver_firmware_st\Projects\STM32F0xx_StdPeriph_Templates\EWARM\STM32F030\Obj\stm32f0xx_dbgmcu.o
#        C:\Users\cb\Desktop\driver_firmware_st\Projects\STM32F0xx_StdPeriph_Templates\EWARM\STM32F030\Obj\stm32f0xx_dma.o
#        C:\Users\cb\Desktop\driver_firmware_st\Projects\STM32F0xx_StdPeriph_Templates\EWARM\STM32F030\Obj\stm32f0xx_exti.o
#        C:\Users\cb\Desktop\driver_firmware_st\Projects\STM32F0xx_StdPeriph_Templates\EWARM\STM32F030\Obj\stm32f0xx_flash.o
#        C:\Users\cb\Desktop\driver_firmware_st\Projects\STM32F0xx_StdPeriph_Templates\EWARM\STM32F030\Obj\stm32f0xx_gpio.o
#        C:\Users\cb\Desktop\driver_firmware_st\Projects\STM32F0xx_StdPeriph_Templates\EWARM\STM32F030\Obj\stm32f0xx_i2c.o
#        C:\Users\cb\Desktop\driver_firmware_st\Projects\STM32F0xx_StdPeriph_Templates\EWARM\STM32F030\Obj\stm32f0xx_it.o
#        C:\Users\cb\Desktop\driver_firmware_st\Projects\STM32F0xx_StdPeriph_Templates\EWARM\STM32F030\Obj\stm32f0xx_iwdg.o
#        C:\Users\cb\Desktop\driver_firmware_st\Projects\STM32F0xx_StdPeriph_Templates\EWARM\STM32F030\Obj\stm32f0xx_misc.o
#        C:\Users\cb\Desktop\driver_firmware_st\Projects\STM32F0xx_StdPeriph_Templates\EWARM\STM32F030\Obj\stm32f0xx_pwr.o
#        C:\Users\cb\Desktop\driver_firmware_st\Projects\STM32F0xx_StdPeriph_Templates\EWARM\STM32F030\Obj\stm32f0xx_rcc.o
#        C:\Users\cb\Desktop\driver_firmware_st\Projects\STM32F0xx_StdPeriph_Templates\EWARM\STM32F030\Obj\stm32f0xx_rtc.o
#        C:\Users\cb\Desktop\driver_firmware_st\Projects\STM32F0xx_StdPeriph_Templates\EWARM\STM32F030\Obj\stm32f0xx_spi.o
#        C:\Users\cb\Desktop\driver_firmware_st\Projects\STM32F0xx_StdPeriph_Templates\EWARM\STM32F030\Obj\stm32f0xx_syscfg.o
#        C:\Users\cb\Desktop\driver_firmware_st\Projects\STM32F0xx_StdPeriph_Templates\EWARM\STM32F030\Obj\stm32f0xx_tim.o
#        C:\Users\cb\Desktop\driver_firmware_st\Projects\STM32F0xx_StdPeriph_Templates\EWARM\STM32F030\Obj\stm32f0xx_usart.o
#        C:\Users\cb\Desktop\driver_firmware_st\Projects\STM32F0xx_StdPeriph_Templates\EWARM\STM32F030\Obj\stm32f0xx_wwdg.o
#        C:\Users\cb\Desktop\driver_firmware_st\Projects\STM32F0xx_StdPeriph_Templates\EWARM\STM32F030\Obj\system_stm32f0xx.o
#        C:\Users\cb\Desktop\driver_firmware_st\Projects\STM32F0xx_StdPeriph_Templates\EWARM\STM32F030\Obj\TIM.o
#        C:\Users\cb\Desktop\driver_firmware_st\Projects\STM32F0xx_StdPeriph_Templates\EWARM\STM32F030\Obj\USART1.o
#        --redirect _Printf=_PrintfSmall --redirect _Scanf=_ScanfSmall -o
#        C:\Users\cb\Desktop\driver_firmware_st\Projects\STM32F0xx_StdPeriph_Templates\EWARM\STM32F030\Exe\Project.out
#        --map
#        C:\Users\cb\Desktop\driver_firmware_st\Projects\STM32F0xx_StdPeriph_Templates\EWARM\STM32F030\List\Project.map
#        --config
#        C:\Users\cb\Desktop\driver_firmware_st\Projects\STM32F0xx_StdPeriph_Templates\EWARM\stm32f030_flash.icf
#        --semihosting --entry __iar_program_start --vfe
#
###############################################################################

*******************************************************************************
*** RUNTIME MODEL ATTRIBUTES
***

CppFlavor       = *
__SystemLibrary = DLib


*******************************************************************************
*** PLACEMENT SUMMARY
***

"A1":  place at 0x08000000 { ro section .intvec };
"P1":  place in [from 0x08000000 to 0x0800ffff] { ro };
"P2":  place in [from 0x20000000 to 0x20001fff] { rw, block CSTACK, block HEAP };

  Section            Kind        Address    Size  Object
  -------            ----        -------    ----  ------
"A1":                                       0xb4
  .intvec            ro code  0x08000000    0xb4  startup_stm32f030.o [1]
                            - 0x080000b4    0xb4

"P1":                                     0x163c
  .text              ro code  0x080000b4   0x2bc  stm32f0xx_rcc.o [1]
  .text              ro code  0x08000370    0xae  I32DivModFast.o [4]
  .text              ro code  0x0800041e    0x2a  zero_init3.o [4]
  .text              ro code  0x08000448     0x2  IntDivZer.o [4]
  .text              ro code  0x0800044a     0x2  startup_stm32f030.o [1]
  .text              ro code  0x0800044c   0x298  stm32f0xx_tim.o [1]
  .text              ro code  0x080006e4   0x1f8  stm32f0xx_dma.o [1]
  .text              ro code  0x080008dc   0x1ea  stm32f0xx_usart.o [1]
  .text              ro code  0x08000ac6     0x2  startup_stm32f030.o [1]
  .text              ro code  0x08000ac8   0x1b4  TIM.o [1]
  .text              ro code  0x08000c7c   0x10c  stm32f0xx_gpio.o [1]
  .text              ro code  0x08000d88    0x74  stm32f0xx_misc.o [1]
  .text              ro code  0x08000dfc   0x174  main.o [1]
  .text              ro code  0x08000f70    0xb0  USART1.o [1]
  .text              ro code  0x08001020   0x150  ADC1.o [1]
  .text              ro code  0x08001170    0x5c  ABImemcpy.o [4]
  .text              ro code  0x080011cc    0x54  ABImemset.o [4]
  .text              ro code  0x08001220   0x16c  stm32f0xx_adc.o [1]
  .text              ro code  0x0800138c   0x160  system_stm32f0xx.o [1]
  .text              ro code  0x080014ec    0xa8  stm32f0xx_it.o [1]
  .text              ro code  0x08001594    0x3c  startup_stm32f030.o [1]
  .text              ro code  0x080015d0    0x30  copy_init3.o [4]
  .text              ro code  0x08001600    0x28  data_init.o [4]
  .iar.init_table    const    0x08001628    0x24  - Linker created -
  .text              ro code  0x0800164c    0x1a  cmain.o [4]
  .text              ro code  0x08001666     0x4  low_level_init.o [3]
  .text              ro code  0x0800166a     0x8  exit.o [3]
  .text              ro code  0x08001672     0x2  startup_stm32f030.o [1]
  .text              ro code  0x08001674     0xa  cexit.o [4]
  .text              ro code  0x0800167e     0x2  startup_stm32f030.o [1]
  .text              ro code  0x08001680    0x14  exit.o [5]
  .text              ro code  0x08001694     0xc  cstartup_M.o [4]
  .text              ro code  0x080016a0     0x2  startup_stm32f030.o [1]
  .text              ro code  0x080016a2     0x2  startup_stm32f030.o [1]
  .text              ro code  0x080016a4     0x2  startup_stm32f030.o [1]
  .text              ro code  0x080016a6     0x2  startup_stm32f030.o [1]
  .text              ro code  0x080016a8     0x2  startup_stm32f030.o [1]
  .text              ro code  0x080016aa     0x2  startup_stm32f030.o [1]
  .text              ro code  0x080016ac     0x2  startup_stm32f030.o [1]
  .text              ro code  0x080016ae     0x2  startup_stm32f030.o [1]
  .text              ro code  0x080016b0     0x2  startup_stm32f030.o [1]
  .text              ro code  0x080016b2     0x2  startup_stm32f030.o [1]
  .text              ro code  0x080016b4     0x2  startup_stm32f030.o [1]
  .text              ro code  0x080016b6     0x2  startup_stm32f030.o [1]
  .text              ro code  0x080016b8     0x2  startup_stm32f030.o [1]
  .text              ro code  0x080016ba     0x2  startup_stm32f030.o [1]
  .text              ro code  0x080016bc     0x2  startup_stm32f030.o [1]
  .text              ro code  0x080016be     0x2  startup_stm32f030.o [1]
  .text              ro code  0x080016c0     0x2  startup_stm32f030.o [1]
  .text              ro code  0x080016c2     0x2  startup_stm32f030.o [1]
  .rodata            const    0x080016c4     0x0  zero_init3.o [4]
  .rodata            const    0x080016c4     0x0  copy_init3.o [4]
  Initializer bytes  ro data  0x080016c4    0x2c  <for P2 s0>
                            - 0x080016f0  0x163c

"P2":                                      0x460
  P2 s0                       0x20000000    0x2c  <Init block>
    .data            inited   0x20000000    0x10  stm32f0xx_rcc.o [1]
    .data            inited   0x20000010     0xc  main.o [1]
    .data            inited   0x2000001c     0xc  main.o [1]
    .data            inited   0x20000028     0x4  system_stm32f0xx.o [1]
  .bss               zero     0x2000002c     0xc  ADC1.o [1]
  .bss               zero     0x20000038     0xc  main.o [1]
  .bss               zero     0x20000044     0xc  main.o [1]
  .bss               zero     0x20000050     0x2  TIM.o [1]
  .bss               zero     0x20000052     0x2  TIM.o [1]
  .bss               zero     0x20000054     0x2  TIM.o [1]
  .bss               zero     0x20000056     0x1  main.o [1]
  .bss               zero     0x20000057     0x1  main.o [1]
  .bss               zero     0x20000058     0x1  main.o [1]
  .bss               zero     0x20000059     0x1  main.o [1]
  .bss               zero     0x2000005a     0x1  stm32f0xx_it.o [1]
  .bss               zero     0x2000005b     0x1  stm32f0xx_it.o [1]
  CSTACK                      0x20000060   0x400  <Block>
    CSTACK           uninit   0x20000060   0x400  <Block tail>
                            - 0x20000460   0x460


*******************************************************************************
*** INIT TABLE
***

          Address     Size
          -------     ----
Zero (__iar_zero_init3)
    1 destination range, total size 0x30:
          0x2000002c  0x30

Copy (__iar_copy_init3)
    1 source range, total size 0x2c:
          0x080016c4  0x2c
    1 destination range, total size 0x2c:
          0x20000000  0x2c



*******************************************************************************
*** MODULE SUMMARY
***

    Module               ro code  ro data  rw data
    ------               -------  -------  -------
C:\Users\cb\Desktop\driver_firmware_st\Projects\STM32F0xx_StdPeriph_Templates\EWARM\STM32F030\Obj: [1]
    ADC1.o                   336                12
    TIM.o                    436                 6
    USART1.o                 176
    main.o                   372       24       52
    startup_stm32f030.o      284
    stm32f0xx_adc.o          364
    stm32f0xx_dma.o          504
    stm32f0xx_gpio.o         268
    stm32f0xx_it.o           168                 2
    stm32f0xx_misc.o         116
    stm32f0xx_rcc.o          700       16       16
    stm32f0xx_tim.o          664
    stm32f0xx_usart.o        490
    system_stm32f0xx.o       352        4        4
    ----------------------------------------------
    Total:                 5 230       44       92

command line: [2]
    ----------------------------------------------
    Total:

dl6M_tlf.a: [3]
    exit.o                     8
    low_level_init.o           4
    ----------------------------------------------
    Total:                    12

rt6M_tl.a: [4]
    ABImemcpy.o               92
    ABImemset.o               84
    I32DivModFast.o          174
    IntDivZer.o                2
    cexit.o                   10
    cmain.o                   26
    copy_init3.o              48
    cstartup_M.o              12
    data_init.o               40
    zero_init3.o              42
    ----------------------------------------------
    Total:                   530

shb_l.a: [5]
    exit.o                    20
    ----------------------------------------------
    Total:                    20

    Linker created                     36    1 024
--------------------------------------------------
    Grand Total:           5 792       80    1 116


*******************************************************************************
*** ENTRY LIST
***

Entry                      Address   Size  Type      Object
-----                      -------   ----  ----      ------
?main                   0x0800164d         Code  Gb  cmain.o [4]
ADC1_DMA_Init           0x08001021  0x150  Code  Gb  ADC1.o [1]
ADC_ChannelConfig       0x080012cb   0x18  Code  Gb  stm32f0xx_adc.o [1]
ADC_Cmd                 0x08001289   0x1c  Code  Gb  stm32f0xx_adc.o [1]
ADC_DMACmd              0x08001325   0x1c  Code  Gb  stm32f0xx_adc.o [1]
ADC_DMARequestModeConfig
                        0x08001341   0x10  Code  Gb  stm32f0xx_adc.o [1]
ADC_DeInit              0x08001221   0x1e  Code  Gb  stm32f0xx_adc.o [1]
ADC_GetCalibrationFactor
                        0x080012e3   0x38  Code  Gb  stm32f0xx_adc.o [1]
ADC_GetFlagStatus       0x08001351   0x26  Code  Gb  stm32f0xx_adc.o [1]
ADC_Init                0x0800123f   0x30  Code  Gb  stm32f0xx_adc.o [1]
ADC_StartOfConversion   0x0800131b    0xa  Code  Gb  stm32f0xx_adc.o [1]
ADC_StructInit          0x0800126f   0x1a  Code  Gb  stm32f0xx_adc.o [1]
ADC_TempSensorCmd       0x080012a5   0x26  Code  Gb  stm32f0xx_adc.o [1]
APBAHBPrescTable        0x20000000   0x10  Data  Lc  stm32f0xx_rcc.o [1]
CSTACK$$Base            0x20000060          --   Gb  - Linker created -
CSTACK$$Limit           0x20000460          --   Gb  - Linker created -
Channel3Pulse           0x20000054    0x2  Data  Gb  TIM.o [1]
DMA_ClearFlag           0x08000883   0x12  Code  Gb  stm32f0xx_dma.o [1]
DMA_Cmd                 0x08000841   0x1c  Code  Gb  stm32f0xx_dma.o [1]
DMA_DeInit              0x080006e5  0x11a  Code  Gb  stm32f0xx_dma.o [1]
DMA_GetFlagStatus       0x0800085d   0x26  Code  Gb  stm32f0xx_dma.o [1]
DMA_Init                0x080007ff   0x42  Code  Gb  stm32f0xx_dma.o [1]
GPIO_Init               0x08000c7d   0xa2  Code  Gb  stm32f0xx_gpio.o [1]
GPIO_PinAFConfig        0x08000d1f   0x6a  Code  Gb  stm32f0xx_gpio.o [1]
HardFault_Handler       0x080014ef    0x4  Code  Gb  stm32f0xx_it.o [1]
NMI_Handler             0x080014ed    0x2  Code  Gb  stm32f0xx_it.o [1]
NVIC_Init               0x08000d89   0x68  Code  Gb  stm32f0xx_misc.o [1]
PWM_Init                0x08000ac9   0xea  Code  Gb  TIM.o [1]
PendSV_Handler          0x080014f5    0x2  Code  Gb  stm32f0xx_it.o [1]
PrescalerValue          0x20000050    0x2  Data  Gb  TIM.o [1]
RCC_AHBPeriphClockCmd   0x080002c1   0x20  Code  Gb  stm32f0xx_rcc.o [1]
RCC_APB1PeriphClockCmd  0x08000301   0x20  Code  Gb  stm32f0xx_rcc.o [1]
RCC_APB2PeriphClockCmd  0x080002e1   0x20  Code  Gb  stm32f0xx_rcc.o [1]
RCC_APB2PeriphResetCmd  0x08000329   0x20  Code  Gb  stm32f0xx_rcc.o [1]
RCC_GetClocksFreq       0x080000b5  0x208  Code  Gb  stm32f0xx_rcc.o [1]
ReceiveState            0x2000005b    0x1  Data  Gb  stm32f0xx_it.o [1]
Region$$Table$$Base     0x08001628          --   Gb  - Linker created -
Region$$Table$$Limit    0x0800164c          --   Gb  - Linker created -
RegularConvData_Tab     0x2000002c    0xc  Data  Gb  ADC1.o [1]
RxCounter               0x2000005a    0x1  Data  Gb  stm32f0xx_it.o [1]
RxUser                  0x20000044    0xc  Data  Gb  main.o [1]
SVC_Handler             0x080014f3    0x2  Code  Gb  stm32f0xx_it.o [1]
SetSysClock             0x080013fb   0xbe  Code  Lc  system_stm32f0xx.o [1]
SysTick_Handler         0x080014f7    0x2  Code  Gb  stm32f0xx_it.o [1]
SystemCoreClock         0x20000028    0x4  Data  Gb  system_stm32f0xx.o [1]
SystemInit              0x0800138d   0x6e  Code  Gb  system_stm32f0xx.o [1]
TIM3_IRQHandler         0x08001545   0x30  Code  Gb  stm32f0xx_it.o [1]
TIM_ClearITPendingBit   0x080006dd    0x8  Code  Gb  stm32f0xx_tim.o [1]
TIM_Cmd                 0x080004b9   0x1c  Code  Gb  stm32f0xx_tim.o [1]
TIM_CtrlPWMOutputs      0x080004e5   0x26  Code  Gb  stm32f0xx_tim.o [1]
TIM_GetCapture1         0x08000695    0x4  Code  Gb  stm32f0xx_tim.o [1]
TIM_GetITStatus         0x080006b1   0x2c  Code  Gb  stm32f0xx_tim.o [1]
TIM_ITConfig            0x08000699   0x18  Code  Gb  stm32f0xx_tim.o [1]
TIM_Init                0x08000bb3   0xa0  Code  Gb  TIM.o [1]
TIM_OC1Init             0x0800050b   0x94  Code  Gb  stm32f0xx_tim.o [1]
TIM_OC1PreloadConfig    0x08000665   0x14  Code  Gb  stm32f0xx_tim.o [1]
TIM_OC3Init             0x080005b1   0x8e  Code  Gb  stm32f0xx_tim.o [1]
TIM_PrescalerConfig     0x080004b3    0x6  Code  Gb  stm32f0xx_tim.o [1]
TIM_SetCompare1         0x0800065d    0x4  Code  Gb  stm32f0xx_tim.o [1]
TIM_TimeBaseInit        0x0800044d   0x66  Code  Gb  stm32f0xx_tim.o [1]
TimerPeriod             0x20000052    0x2  Data  Gb  TIM.o [1]
TxCounter               0x20000056    0x1  Data  Gb  main.o [1]
USART1_IRQHandler       0x080014f9   0x4c  Code  Gb  stm32f0xx_it.o [1]
USART1_Init             0x08000f71   0xa8  Code  Gb  USART1.o [1]
USART_ClearITPendingBit
                        0x08000ab5   0x12  Code  Gb  stm32f0xx_usart.o [1]
USART_Cmd               0x080009ab   0x1c  Code  Gb  stm32f0xx_usart.o [1]
USART_GetFlagStatus     0x08000a39   0x18  Code  Gb  stm32f0xx_usart.o [1]
USART_GetITStatus       0x08000a51   0x64  Code  Gb  stm32f0xx_usart.o [1]
USART_ITConfig          0x080009f5   0x44  Code  Gb  stm32f0xx_usart.o [1]
USART_Init              0x080008dd   0xce  Code  Gb  stm32f0xx_usart.o [1]
USART_ReceiveData       0x080009dd    0x8  Code  Gb  stm32f0xx_usart.o [1]
USART_SendData          0x080009d5    0x8  Code  Gb  stm32f0xx_usart.o [1]
__ICFEDIT_region_RAM_end__ {Abs}
                        0x20001fff          --   Gb  command line/config [2]
__ICFEDIT_region_RAM_start__ {Abs}
                        0x20000000          --   Gb  command line/config [2]
__aeabi_idiv0           0x08000449         Code  Gb  IntDivZer.o [4]
__aeabi_memcpy          0x08001171         Code  Gb  ABImemcpy.o [4]
__aeabi_memset          0x080011cd         Code  Gb  ABImemset.o [4]
__aeabi_uidiv           0x08000371         Code  Gb  I32DivModFast.o [4]
__aeabi_uidivmod        0x08000371         Code  Gb  I32DivModFast.o [4]
__as_entries_start      0xffffffff          --   Gb  command line/config [2]
__as_table_start        0xffffffff          --   Gb  command line/config [2]
__cmain                 0x0800164d         Code  Gb  cmain.o [4]
__exit                  0x08001681   0x14  Code  Gb  exit.o [5]
__iar_Memset4_word      0x080011ed         Code  Gb  ABImemset.o [4]
__iar_Memset_word       0x080011d9         Code  Gb  ABImemset.o [4]
__iar_copy_init3        0x080015d1   0x30  Code  Gb  copy_init3.o [4]
__iar_data_init3        0x08001601   0x28  Code  Gb  data_init.o [4]
__iar_program_start     0x08001695         Code  Gb  cstartup_M.o [4]
__iar_zero_init3        0x0800041f   0x2a  Code  Gb  zero_init3.o [4]
__low_level_init        0x08001667    0x4  Code  Gb  low_level_init.o [3]
__vector_table          0x08000000         Data  Gb  startup_stm32f030.o [1]
_call_main              0x08001659         Code  Gb  cmain.o [4]
_exit                   0x08001675         Code  Gb  cexit.o [4]
_main                   0x08001663         Code  Gb  cmain.o [4]
aRxBuffer               0x20000038    0xc  Data  Gb  main.o [1]
aTxBuffer               0x20000010    0xc  Data  Gb  main.o [1]
aTxUser                 0x2000001c    0xc  Data  Gb  main.o [1]
exit                    0x0800166b    0x8  Code  Gb  exit.o [3]
flag_5ms                0x20000057    0x1  Data  Gb  main.o [1]
main                    0x08000e1d  0x122  Code  Gb  main.o [1]
resolve                 0x08000dfd   0x20  Code  Gb  main.o [1]
toggle                  0x20000058    0x1  Data  Gb  main.o [1]


[1] = C:\Users\cb\Desktop\driver_firmware_st\Projects\STM32F0xx_StdPeriph_Templates\EWARM\STM32F030\Obj
[2] = command line
[3] = dl6M_tlf.a
[4] = rt6M_tl.a
[5] = shb_l.a

  5 792 bytes of readonly  code memory
     80 bytes of readonly  data memory
  1 116 bytes of readwrite data memory

Errors: none
Warnings: none
